// Jest Snapshot v1, https://goo.gl/fbAQLP

exports[`Checkbox Checkbox 1`] = `
.c5 {
  display: inline-block;
  vertical-align: middle;
  overflow: hidden;
}

.c0 {
  display: inline;
}

.c1 {
  display: -webkit-box;
  display: -webkit-flex;
  display: -ms-flexbox;
  display: flex;
  -webkit-align-items: center;
  -webkit-box-align: center;
  -ms-flex-align: center;
  align-items: center;
  cursor: pointer;
  height: auto;
  width: auto;
  outline: none;
  -webkit-transition: all 0.3s;
  transition: all 0.3s;
}

.c2 {
  margin-right: 5px;
}

.c3 {
  -webkit-clip: rect(0 0 0 0);
  clip: rect(0 0 0 0);
  -webkit-clippath: inset(50%);
  clippath: inset(50%);
  height: 1px;
  margin: -1px;
  overflow: hidden;
  padding: 0;
  position: absolute;
  white-space: nowrap;
  width: 1px;
}

.c4 {
  background: #fff;
  border-radius: 5px;
  display: -webkit-box;
  display: -webkit-flex;
  display: -ms-flexbox;
  display: flex;
  -webkit-flex-direction: column;
  -ms-flex-direction: column;
  flex-direction: column;
  -webkit-align-items: center;
  -webkit-box-align: center;
  -ms-flex-align: center;
  align-items: center;
  height: 20px;
  -webkit-transition: all 150ms;
  transition: all 150ms;
  width: 20px;
  border: 0.5px solid #1F2D30;
}

.c4 svg {
  margin-bottom: 1px;
  color: #fff;
  visibility: hidden;
}

<div
  className="c0"
>
  <label
    className="c1"
  >
    <div
      className="c2"
    >
      <input
        checked={false}
        className="c3"
        onChange={[Function]}
        type="checkbox"
      />
      <div
        className="c4"
      >
        <svg
          aria-hidden="true"
          className="c5"
          fill="currentColor"
          focusable="false"
          viewBox="0 0 16 16"
          xmlns="http://www.w3.org/2000/svg"
        >
          <path
            d="M10.97 4.97a.75.75 0 011.071 1.05l-3.992 4.99a.75.75 0 01-1.08.02L4.324 8.384a.75.75 0 111.06-1.06l2.094 2.093 3.473-4.425a.236.236 0 01.02-.022z"
            fillRule="evenodd"
          />
        </svg>
      </div>
    </div>
  </label>
</div>
`;
