// Jest Snapshot v1, https://goo.gl/fbAQLP

exports[`ButtonGroup primary 1`] = `
<div
  className=""
/>
`;
